packed_int64_array.cpp
animation_node_time_scale.cpp
visual_shader_node_rotation_by_axis.cpp
physics_ray_query_parameters2d.cpp
multi_mesh_instance2d.cpp
java_script_bridge.cpp
tile_map_layer.cpp
compressed_cubemap.cpp
packed_int32_array.cpp
gltf_texture_sampler.cpp
physics_point_query_parameters3d.cpp
resource_preloader.cpp
visual_shader_node_resizable_base.cpp
animation_node_sync.cpp
tile_map.cpp
multi_mesh.cpp
compositor_effect.cpp
gltf_texture.cpp
packed_byte_array.cpp
java_class_wrapper.cpp
physics_point_query_parameters2d.cpp
resource_loader.cpp
animation_node_sub2.cpp
visual_shader_node_reroute.cpp
movie_writer.cpp
java_class.cpp
compositor.cpp
tile_data.cpp
array.cpp
resource_importer_wav.cpp
physics_material.cpp
base_button.cpp
thread.cpp
visual_shader_node_remap.cpp
mobile_vr_interface.cpp
animation_node_state_machine_transition.cpp
dictionary.cpp
utility_functions.cpp
color_rect.cpp
jsonrpc.cpp
resource_importer_texture_atlas.cpp
back_buffer_copy.cpp
animation_node_state_machine_playback.cpp
physics_direct_space_state3d_extension.cpp
visual_shader_node_random_range.cpp
color_picker_button.cpp
theme_db.cpp
missing_resource.cpp
signal.cpp
json.cpp
resource_importer_texture.cpp
audio_stream_wav.cpp
physics_direct_space_state3d.cpp
animation_node_state_machine.cpp
visual_shader_node_proximity_fade.cpp
theme.cpp
color_picker.cpp
missing_node.cpp
callable.cpp
jni_singleton.cpp
resource_importer_shader_file.cpp
physics_direct_space_state2d_extension.cpp
animation_node_output.cpp
audio_stream_synchronized.cpp
visual_shader_node_particle_sphere_emitter.cpp
texture_rect.cpp
collision_shape3d.cpp
method_tweener.cpp
item_list.cpp
rid.cpp
resource_importer_scene.cpp
audio_stream_randomizer.cpp
physics_direct_space_state2d.cpp
animation_node_one_shot.cpp
visual_shader_node_particle_ring_emitter.cpp
mesh_texture.cpp
texture_progress_bar.cpp
collision_shape2d.cpp
interval_tweener.cpp
resource_importer_ogg_vorbis.cpp
audio_stream_polyphonic.cpp
physics_direct_body_state3d_extension.cpp
visual_shader_node_particle_randomness.cpp
animation_node_blend_tree.cpp
mesh_library.cpp
texture_layered_rd.cpp
collision_polygon3d.cpp
instance_placeholder.cpp
audio_stream_playlist.cpp
resource_importer_obj.cpp
animation_node_blend_space2d.cpp
physics_direct_body_state3d.cpp
visual_shader_node_particle_output.cpp
texture_layered.cpp
collision_polygon2d.cpp
resource_importer_mp3.cpp
mesh_instance3d.cpp
input_map.cpp
physics_direct_body_state2d_extension.cpp
visual_shader_node_particle_multiply_by_axis_angle.cpp
audio_stream_player3d.cpp
animation_node_blend_space1_d.cpp
texture_cubemap_rd.cpp
mesh_instance2d.cpp
input_event_with_modifiers.cpp
gltf_state.cpp
audio_stream_player2d.cpp
animation_node_blend3.cpp
visual_shader_node_particle_mesh_emitter.cpp
texture_cubemap_array_rd.cpp
text_line.cpp
resource_importer_layered_texture.cpp
physics_direct_body_state2d.cpp
mesh_data_tool.cpp
input_event_shortcut.cpp
audio_stream_player.cpp
gltf_spec_gloss.cpp
animation_node_blend2.cpp
visual_shader_node_particle_emitter.cpp
texture_button.cpp
text_edit.cpp
resource_importer_image_font.cpp
mesh_convex_decomposition_settings.cpp
physics_body3d.cpp
input_event_screen_touch.cpp
gltf_skin.cpp
audio_stream_playback_synchronized.cpp
animation_node_animation.cpp
visual_shader_node_particle_emit.cpp
texture3drd.cpp
tab_container.cpp
resource_importer_image.cpp
physics_body2d.cpp
mesh.cpp
input_event_screen_drag.cpp
gltf_skeleton.cpp
audio_stream_playback_resampled.cpp
visual_shader_node_particle_cone_velocity.cpp
animation_node_add3.cpp
texture3d.cpp
tab_bar.cpp
resource_importer_dynamic_font.cpp
physical_sky_material.cpp
input_event_pan_gesture.cpp
zip_reader.cpp
audio_stream_playback_polyphonic.cpp
gltf_physics_shape.cpp
animation_node_add2.cpp
texture2drd.cpp
visual_shader_node_particle_box_emitter.cpp
tls_options.cpp
resource_importer_csv_translation.cpp
input_event_mouse_motion.cpp
physical_bone_simulator3d.cpp
zip_packer.cpp
gltf_physics_body.cpp
audio_stream_playback_playlist.cpp
animation_node.cpp
visual_shader_node_particle_accelerator.cpp
texture2d_array_rd.cpp
tcp_server.cpp
resource_importer_bit_map.cpp
input_event_mouse_button.cpp
physical_bone3d.cpp
xrvrs.cpp
gltf_node.cpp
audio_stream_playback_ogg_vorbis.cpp
animation_mixer.cpp
visual_shader_node_parameter_ref.cpp
texture2d_array.cpp
system_font.cpp
resource_importer_bm_font.cpp
input_event_mouse.cpp
physical_bone2d.cpp
xr_tracker.cpp
gltf_mesh.cpp
audio_stream_playback_interactive.cpp
animation_library.cpp
visual_shader_node_parameter.cpp
texture2d.cpp
resource_importer.cpp
syntax_highlighter.cpp
performance.cpp
input_event_magnify_gesture.cpp
xr_server.cpp
gltf_light.cpp
audio_stream_playback.cpp
animation.cpp
visual_shader_node_output.cpp
texture.cpp
surface_tool.cpp
resource_format_saver.cpp
path_follow3d.cpp
input_event_midi.cpp
xr_positional_tracker.cpp
gltf_document_extension_convert_importer_mesh.cpp
audio_stream_ogg_vorbis.cpp
visual_shader_node_outer_product.cpp
text_server_manager.cpp
resource_format_loader.cpp
sub_viewport_container.cpp
path_follow2d.cpp
input_event_key.cpp
xr_pose.cpp
gltf_document_extension.cpp
audio_stream_microphone.cpp
visual_shader_node_multiply_add.cpp
text_server_extension.cpp
sub_viewport.cpp
resource.cpp
path3d.cpp
xr_origin3d.cpp
input_event_joypad_motion.cpp
gltf_document.cpp
audio_stream_mp3.cpp
editor_export_platform_linux_bsd.cpp
visual_shader_node_mix.cpp
text_server_dummy.cpp
style_box_texture.cpp
path2d.cpp
input_event_joypad_button.cpp
xr_node3d.cpp
rendering_server.cpp
gltf_camera.cpp
editor_export_platform_ios.cpp
audio_stream_interactive.cpp
visual_shader_node_linear_scene_depth.cpp
style_box_line.cpp
text_server_advanced.cpp
particle_process_material.cpp
rendering_device.cpp
xr_interface_extension.cpp
input_event_gesture.cpp
gltf_buffer_view.cpp
audio_stream_generator_playback.cpp
visual_shader_node_is.cpp
editor_export_platform_android.cpp
text_server.cpp
style_box_flat.cpp
render_scene_data_rd.cpp
input_event_from_window.cpp
parallax_layer.cpp
xr_interface.cpp
gltf_animation.cpp
editor_export_platform.cpp
audio_stream_generator.cpp
visual_shader_node_int_parameter.cpp
render_scene_data_extension.cpp
text_paragraph.cpp
style_box_empty.cpp
parallax_background.cpp
collision_object3d.cpp
xr_hand_tracker.cpp
audio_stream.cpp
gltf_accessor.cpp
visual_shader_node_int_op.cpp
editor_debugger_session.cpp
text_mesh.cpp
style_box.cpp
parallax2d.cpp
render_scene_data.cpp
gd_script.cpp
collision_object2d.cpp
editor_debugger_plugin.cpp
audio_server.cpp
xr_hand_modifier3d.cpp
stream_peer_tls.cpp
panorama_sky_material.cpp
render_scene_buffers_rd.cpp
code_highlighter.cpp
visual_shader_node_int_func.cpp
audio_sample_playback.cpp
gd_extension_manager.cpp
xr_face_tracker.cpp
editor_command_palette.cpp
stream_peer_tcp.cpp
render_scene_buffers_extension.cpp
panel_container.cpp
code_edit.cpp
visual_shader_node_int_constant.cpp
gd_extension.cpp
audio_sample.cpp
e_net_packet_peer.cpp
xr_face_modifier3d.cpp
stream_peer_gzip.cpp
render_scene_buffers_configuration.cpp
panel.cpp
class_db_singleton.cpp
visual_shader_node_input.cpp
framebuffer_cache_rd.cpp
e_net_multiplayer_peer.cpp
audio_listener3d.cpp
xr_controller_tracker.cpp
stream_peer_extension.cpp
render_scene_buffers.cpp
packet_peer_udp.cpp
circle_shape2d.cpp
visual_shader_node_if.cpp
font_variation.cpp
e_net_connection.cpp
audio_listener2d.cpp
xr_controller3d.cpp
stream_peer_buffer.cpp
render_data_rd.cpp
packet_peer_stream.cpp
visual_shader_node_group_base.cpp
check_button.cpp
font_file.cpp
display_server.cpp
xr_camera3d.cpp
audio_effect_stereo_enhance.cpp
stream_peer.cpp
render_data_extension.cpp
packet_peer_extension.cpp
check_box.cpp
visual_shader_node_global_expression.cpp
font.cpp
directional_light3d.cpp
audio_effect_spectrum_analyzer_instance.cpp
xr_body_tracker.cpp
render_data.cpp
status_indicator.cpp
packet_peer_dtls.cpp
fog_volume.cpp
visual_shader_node_fresnel.cpp
character_body3d.cpp
xr_body_modifier3d.cpp
directional_light2d.cpp
audio_effect_spectrum_analyzer.cpp
static_body3d.cpp
remote_transform3d.cpp
packet_peer.cpp
character_body2d.cpp
visual_shader_node_frame.cpp
fog_material.cpp
dir_access.cpp
audio_effect_reverb.cpp
xr_anchor3d.cpp
remote_transform2d.cpp
static_body2d.cpp
packed_scene.cpp
char_fx_transform.cpp
visual_shader_node_float_parameter.cpp
flow_container.cpp
decal.cpp
audio_effect_record.cpp
xml_parser.cpp
standard_material3d.cpp
reg_ex_match.cpp
packed_data_container_ref.cpp
center_container.cpp
visual_shader_node_float_op.cpp
file_system_dock.cpp
damped_spring_joint2d.cpp
audio_effect_pitch_shift.cpp
x509_certificate.cpp
sprite_frames.cpp
packed_data_container.cpp
reg_ex.cpp
capsule_shape3d.cpp
visual_shader_node_float_func.cpp
dtls_server.cpp
file_dialog.cpp
audio_effect_phaser.cpp
world_environment.cpp
sprite_base3d.cpp
reflection_probe.cpp
pck_packer.cpp
capsule_shape2d.cpp
visual_shader_node_float_constant.cpp
file_access.cpp
cylinder_shape3d.cpp
audio_effect_panner.cpp
world_boundary_shape3d.cpp
sprite3d.cpp
reference_rect.cpp
option_button.cpp
capsule_mesh.cpp
resource_saver.cpp
visual_shader_node_face_forward.cpp
fast_noise_lite.cpp
cylinder_mesh.cpp
audio_effect_notch_filter.cpp
world_boundary_shape2d.cpp
sprite2d.cpp
ref_counted.cpp
optimized_translation.cpp
canvas_texture.cpp
visual_shader_node_expression.cpp
fbx_state.cpp
curve_xyz_texture.cpp
world3d.cpp
audio_effect_low_shelf_filter.cpp
spring_arm3d.cpp
rectangle_shape2d.cpp
open_xr_interface.cpp
canvas_modulate.cpp
visual_shader_node_dot_product.cpp
fbx_document.cpp
curve_texture.cpp
world2d.cpp
audio_effect_low_pass_filter.cpp
spot_light3d.cpp
ray_cast3d.cpp
open_xr_interaction_profile_metadata.cpp
canvas_layer.cpp
visual_shader_node_distance_fade.cpp
expression.cpp
curve3d.cpp
worker_thread_pool.cpp
audio_effect_limiter.cpp
split_container.cpp
ray_cast2d.cpp
open_xr_interaction_profile.cpp
canvas_item_material.cpp
visual_shader_node_determinant.cpp
curve2d.cpp
environment.cpp
window.cpp
audio_effect_instance.cpp
spin_box.cpp
range.cpp
open_xrip_binding.cpp
visual_shader_node_derivative_func.cpp
engine_profiler.cpp
canvas_item.cpp
curve.cpp
audio_effect_high_shelf_filter.cpp
web_xr_interface.cpp
sphere_shape3d.cpp
random_number_generator.cpp
open_xr_hand.cpp
canvas_group.cpp
visual_shader_node_custom.cpp
animated_texture.cpp
cubemap_array.cpp
engine_debugger.cpp
audio_effect_high_pass_filter.cpp
web_socket_peer.cpp
sphere_occluder3d.cpp
rd_vertex_attribute.cpp
open_xr_extension_wrapper_extension.cpp
camera_texture.cpp
visual_shader_node_curve_xyz_texture.cpp
cubemap.cpp
animated_sprite3d.cpp
engine.cpp
sphere_mesh.cpp
web_socket_multiplayer_peer.cpp
rd_uniform.cpp
audio_effect_hard_limiter.cpp
open_xr_composition_layer_quad.cpp
camera_server.cpp
visual_shader_node_curve_texture.cpp
animated_sprite2d.cpp
encoded_object_as_id.cpp
web_rtc_peer_connection_extension.cpp
audio_effect_filter.cpp
soft_body3d.cpp
rd_texture_view.cpp
open_xr_composition_layer_equirect.cpp
camera_feed.cpp
visual_shader_node_cubemap_parameter.cpp
web_rtc_peer_connection.cpp
animatable_body3d.cpp
editor_vcs_interface.cpp
audio_effect_eq6.cpp
slider_joint3d.cpp
rd_texture_format.cpp
open_xr_composition_layer_cylinder.cpp
camera_attributes_practical.cpp
editor_undo_redo_manager.cpp
visual_shader_node_cubemap.cpp
animatable_body2d.cpp
web_rtc_multiplayer_peer.cpp
audio_effect_eq21.cpp
rd_shader_source.cpp
slider.cpp
camera_attributes_physical.cpp
open_xr_composition_layer.cpp
visual_shader_node_constant.cpp
accept_dialog.cpp
web_rtc_data_channel_extension.cpp
editor_translation_parser_plugin.cpp
audio_effect_eq10.cpp
sky.cpp
visual_shader_node_compare.cpp
camera_attributes.cpp
rd_shader_spirv.cpp
open_xr_action_set.cpp
editor_syntax_highlighter.cpp
web_rtc_data_channel.cpp
a_star_grid2d.cpp
audio_effect_eq.cpp
skin_reference.cpp
rd_shader_file.cpp
open_xr_action_map.cpp
camera3d.cpp
a_star3d.cpp
visual_shader_node_comment.cpp
editor_spin_slider.cpp
weak_ref.cpp
audio_effect_distortion.cpp
skin.cpp
rd_sampler_state.cpp
open_xr_action.cpp
visual_shader_node_color_parameter.cpp
camera2d.cpp
a_star2d.cpp
editor_settings.cpp
voxel_gi_data.cpp
skeleton_profile_humanoid.cpp
audio_effect_delay.cpp
rd_pipeline_specialization_constant.cpp
callback_tweener.cpp
open_xrapi_extension.cpp
visual_shader_node_color_op.cpp
aes_context.cpp
voxel_gi.cpp
editor_selection.cpp
skeleton_profile.cpp
input_event_action.cpp
rd_pipeline_rasterization_state.cpp
omni_light3d.cpp
csg_torus3d.cpp
visual_shader_node_color_func.cpp
editor_script_picker.cpp
visual_shader_node_world_position_from_depth.cpp
skeleton_modifier3d.cpp
ogg_packet_sequence_playback.cpp
rd_pipeline_multisample_state.cpp
input_event.cpp
csg_sphere3d.cpp
packed_vector4_array.cpp
visual_shader_node_color_constant.cpp
editor_script.cpp
visual_shader_node_vector_refract.cpp
skeleton_modification_stack2d.cpp
rd_pipeline_depth_stencil_state.cpp
ogg_packet_sequence.cpp
input.cpp
packed_color_array.cpp
csg_shape3d.cpp
visual_shader_node_clamp.cpp
editor_scene_post_import_plugin.cpp
visual_shader_node_vector_op.cpp
skeleton_modification2d_two_bone_ik.cpp
rd_pipeline_color_blend_state_attachment.cpp
offline_multiplayer_peer.cpp
importer_mesh_instance3d.cpp
csg_primitive3d.cpp
visual_shader_node_boolean_parameter.cpp
editor_scene_post_import.cpp
visual_shader_node_vector_len.cpp
skeleton_modification2d_stack_holder.cpp
rd_pipeline_color_blend_state.cpp
occluder_polygon2d.cpp
importer_mesh.cpp
csg_polygon3d.cpp
visual_shader_node_boolean_constant.cpp
editor_scene_format_importer_ufbx.cpp
visual_shader_node_vector_func.cpp
skeleton_modification2d_physical_bones.cpp
rd_framebuffer_pass.cpp
occluder_instance3d.cpp
immediate_mesh.cpp
visual_shader_node_billboard.cpp
csg_mesh3d.cpp
editor_scene_format_importer_gltf.cpp
visual_shader_node_vector_distance.cpp
skeleton_modification2d_look_at.cpp
rd_attachment_format.cpp
occluder3d.cpp
image_texture_layered.cpp
visual_shader_node.cpp
csg_cylinder3d.cpp
editor_scene_format_importer_fbx2_gltf.cpp
visual_shader_node_vector_decompose.cpp
quad_occluder3d.cpp
skeleton_modification2d_jiggle.cpp
object.cpp
image_texture3d.cpp
csg_combiner3d.cpp
visual_shader.cpp
visual_shader_node_vector_compose.cpp
editor_scene_format_importer_blend.cpp
image_texture.cpp
menu_button.cpp
visual_instance3d.cpp
csg_box3d.cpp
skeleton_modification2dfabrik.cpp
quad_mesh.cpp
visual_shader_node_vector_base.cpp
editor_scene_format_importer.cpp
image_format_loader_extension.cpp
menu_bar.cpp
visible_on_screen_notifier3d.cpp
cpu_particles3d.cpp
skeleton_modification2dccdik.cpp
property_tweener.cpp
visual_shader_node_vec4_parameter.cpp
editor_resource_tooltip_plugin.cpp
image_format_loader.cpp
material.cpp
visible_on_screen_notifier2d.cpp
cpu_particles2d.cpp
skeleton_modification2d.cpp
visual_shader_node_vec4_constant.cpp
project_settings.cpp
editor_resource_preview_generator.cpp
image.cpp
visible_on_screen_enabler3d.cpp
marshalls.cpp
button_group.cpp
skeleton_ik3d.cpp
visual_shader_node_vec3_parameter.cpp
editor_resource_preview.cpp
progress_bar.cpp
os.cpp
marker3d.cpp
ip.cpp
visible_on_screen_enabler2d.cpp
button.cpp
procedural_sky_material.cpp
skeleton3d.cpp
visual_shader_node_vec3_constant.cpp
editor_resource_picker.cpp
orm_material3d.cpp
hinge_joint3d.cpp
marker2d.cpp
box_shape3d.cpp
prism_mesh.cpp
viewport_texture.cpp
skeleton2d.cpp
visual_shader_node_vec2_parameter.cpp
noise_texture3d.cpp
editor_resource_conversion_plugin.cpp
height_map_shape3d.cpp
margin_container.cpp
viewport.cpp
box_occluder3d.cpp
shortcut.cpp
visual_shader_node_vec2_constant.cpp
primitive_mesh.cpp
editor_property.cpp
noise_texture2d.cpp
main_loop.cpp
hashing_context.cpp
video_stream_theora.cpp
box_mesh.cpp
shape_cast3d.cpp
portable_compressed_texture2d.cpp
visual_shader_node_varying_setter.cpp
noise.cpp
http_request.cpp
editor_plugin.cpp
link_button.cpp
popup_panel.cpp
box_container.cpp
video_stream_player.cpp
shape_cast2d.cpp
editor_paths.cpp
visual_shader_node_varying_getter.cpp
node3d_gizmo.cpp
http_client.cpp
video_stream_playback.cpp
bone_map.cpp
shape3d.cpp
line_edit.cpp
visual_shader_node_varying.cpp
editor_node3d_gizmo_plugin.cpp
node3d.cpp
popup_menu.cpp
video_stream.cpp
h_split_container.cpp
bone_attachment3d.cpp
line2d.cpp
visual_shader_node_uv_polar_coord.cpp
shape2d.cpp
popup.cpp
editor_node3d_gizmo.cpp
lightmapper_rd.cpp
node2d.cpp
h_slider.cpp
vehicle_wheel3d.cpp
polygon_path_finder.cpp
bone2d.cpp
shader_material.cpp
visual_shader_node_uv_func.cpp
lightmapper.cpp
node.cpp
h_separator.cpp
editor_interface.cpp
shader_include.cpp
vehicle_body3d.cpp
bit_map.cpp
polygon_occluder3d.cpp
nine_patch_rect.cpp
visual_shader_node_u_int_parameter.cpp
editor_inspector_plugin.cpp
h_scroll_bar.cpp
v_split_container.cpp
lightmap_probe.cpp
base_material3d.cpp
shader_globals_override.cpp
visual_shader_node_u_int_op.cpp
polygon2d.cpp
editor_inspector.cpp
navigation_server3d.cpp
hmac_context.cpp
lightmap_gi_data.cpp
v_slider.cpp
shader.cpp
node_path.cpp
point_mesh.cpp
editor_import_plugin.cpp
visual_shader_node_u_int_func.cpp
navigation_server2d.cpp
h_flow_container.cpp
lightmap_gi.cpp
v_separator.cpp
separator.cpp
visual_shader_node_u_int_constant.cpp
point_light2d.cpp
editor_file_system_import_format_support_query.cpp
string_name.cpp
navigation_region3d.cpp
light_occluder2d.cpp
h_box_container.cpp
separation_ray_shape3d.cpp
string.cpp
plane_mesh.cpp
visual_shader_node_transform_vec_mult.cpp
v_scroll_bar.cpp
editor_file_system_directory.cpp
navigation_region2d.cpp
groove_joint2d.cpp
light3d.cpp
separation_ray_shape2d.cpp
placeholder_texture_layered.cpp
visual_shader_node_transform_parameter.cpp
v_flow_container.cpp
editor_file_system.cpp
navigation_polygon.cpp
grid_map.cpp
light2d.cpp
semaphore.cpp
placeholder_texture3d.cpp
v_box_container.cpp
visual_shader_node_transform_op.cpp
editor_file_dialog.cpp
navigation_path_query_result3d.cpp
label_settings.cpp
grid_container.cpp
segment_shape2d.cpp
placeholder_texture2d_array.cpp
visual_shader_node_transform_func.cpp
uniform_set_cache_rd.cpp
editor_feature_profile.cpp
navigation_path_query_result2d.cpp
label3d.cpp
scroll_container.cpp
graph_node.cpp
placeholder_texture2d.cpp
visual_shader_node_transform_decompose.cpp
undo_redo.cpp
editor_export_plugin.cpp
navigation_path_query_parameters3d.cpp
label.cpp
scroll_bar.cpp
graph_frame.cpp
placeholder_mesh.cpp
visual_shader_node_transform_constant.cpp
editor_export_platform_windows.cpp
upnp_device.cpp
navigation_path_query_parameters2d.cpp
script_language_extension.cpp
kinematic_collision3d.cpp
placeholder_material.cpp
graph_element.cpp
audio_effect_compressor.cpp
upnp.cpp
visual_shader_node_transform_compose.cpp
editor_export_platform_web.cpp
navigation_obstacle3d.cpp
kinematic_collision2d.cpp
script_language.cpp
graph_edit.cpp
visual_shader_node_texture_sdf_normal.cpp
placeholder_cubemap_array.cpp
audio_effect_chorus.cpp
udp_server.cpp
editor_export_platform_pc.cpp
navigation_obstacle2d.cpp
joint3d.cpp
gradient_texture2d.cpp
script_extension.cpp
placeholder_cubemap.cpp
audio_effect_capture.cpp
visual_shader_node_texture_sdf.cpp
tweener.cpp
editor_export_platform_mac_os.cpp
navigation_mesh_source_geometry_data3d.cpp
joint2d.cpp
gradient_texture1_d.cpp
script_editor_base.cpp
pin_joint3d.cpp
audio_effect_band_pass_filter.cpp
visual_shader_node_texture_parameter_triplanar.cpp
crypto_key.cpp
tween.cpp
navigation_mesh_source_geometry_data2d.cpp
gradient.cpp
main_menu.cpp
script_editor.cpp
pin_joint2d.cpp
audio_effect_band_limit_filter.cpp
visual_shader_node_texture_parameter.cpp
tube_trail_mesh.cpp
crypto.cpp
navigation_mesh_generator.cpp
geometry_instance3d.cpp
script_create_dialog.cpp
physics_test_motion_result3d.cpp
audio_effect_amplify.cpp
triangle_mesh.cpp
visual_shader_node_texture3d_parameter.cpp
convex_polygon_shape3d.cpp
script.cpp
navigation_mesh.cpp
geometry3d.cpp
physics_test_motion_result2d.cpp
audio_effect.cpp
visual_shader_node_texture3d.cpp
convex_polygon_shape2d.cpp
tree_item.cpp
navigation_link3d.cpp
geometry2d.cpp
scene_tree_timer.cpp
physics_test_motion_parameters3d.cpp
audio_bus_layout.cpp
visual_shader_node_texture2d_parameter.cpp
tree.cpp
control.cpp
navigation_link2d.cpp
generic6_dof_joint3d.cpp
physics_test_motion_parameters2d.cpp
scene_tree.cpp
atlas_texture.cpp
visual_shader_node_texture2d_array_parameter.cpp
translation_server.cpp
container.cpp
navigation_agent3d.cpp
gpu_particles_collision_sphere3d.cpp
scene_state.cpp
physics_shape_query_parameters3d.cpp
aspect_ratio_container.cpp
visual_shader_node_texture2d_array.cpp
translation.cpp
confirmation_dialog.cpp
navigation_agent2d.cpp
gpu_particles_collision_sdf3d.cpp
scene_replication_config.cpp
physics_shape_query_parameters2d.cpp
array_occluder3d.cpp
visual_shader_node_texture.cpp
config_file.cpp
touch_screen_button.cpp
native_menu.cpp
gpu_particles_collision_height_field3d.cpp
scene_multiplayer.cpp
physics_server3d_rendering_server_handler.cpp
array_mesh.cpp
visual_shader_node_switch.cpp
torus_mesh.cpp
cone_twist_joint3d.cpp
mutex.cpp
gpu_particles_collision_box3d.cpp
root_motion_view.cpp
physics_server3d_manager.cpp
area3d.cpp
visual_shader_node_step.cpp
timer.cpp
concave_polygon_shape3d.cpp
multiplayer_synchronizer.cpp
gpu_particles_collision3d.cpp
rigid_body3d.cpp
physics_server3d_extension.cpp
area2d.cpp
visual_shader_node_smooth_step.cpp
concave_polygon_shape2d.cpp
time.cpp
multiplayer_spawner.cpp
packed_vector3_array.cpp
gpu_particles_attractor_vector_field3d.cpp
rigid_body2d.cpp
physics_server3d.cpp
animation_tree.cpp
visual_shader_node_screen_uv_to_sdf.cpp
tile_set_source.cpp
compressed_texture_layered.cpp
multiplayer_peer_extension.cpp
packed_vector2_array.cpp
gpu_particles_attractor_sphere3d.cpp
physics_server2d_manager.cpp
rich_text_label.cpp
animation_root_node.cpp
visual_shader_node_screen_normal_world_space.cpp
tile_set_scenes_collection_source.cpp
compressed_texture3d.cpp
multiplayer_peer.cpp
gpu_particles_attractor_box3d.cpp
packed_string_array.cpp
rich_text_effect.cpp
physics_server2d_extension.cpp
animation_player.cpp
visual_shader_node_sample3d.cpp
tile_set_atlas_source.cpp
multiplayer_api_extension.cpp
compressed_texture2d_array.cpp
gpu_particles_attractor3d.cpp
packed_float64_array.cpp
ribbon_trail_mesh.cpp
physics_server2d.cpp
visual_shader_node_sdf_to_screen_uv.cpp
animation_node_transition.cpp
tile_set.cpp
multiplayer_api.cpp
compressed_texture2d.cpp
gpu_particles3d.cpp
packed_float32_array.cpp
resource_uid.cpp
physics_ray_query_parameters3d.cpp
animation_node_time_seek.cpp
visual_shader_node_sdf_raymarch.cpp
tile_map_pattern.cpp
compressed_cubemap_array.cpp
multi_mesh_instance3d.cpp
java_script_object.cpp
gpu_particles2d.cpp
